1779678106.051911 [0]     python: config: Domain/General/MulticastRecvNetworkInterfaceAddresses/#text: preferred {}
1779678106.051919 [0]     python: config: Domain/General/Interfaces/NetworkInterface[@autodetermine]: false {}
1779678106.051922 [0]     python: config: Domain/General/Interfaces/NetworkInterface[@name]: eno1 {0}
1779678106.051923 [0]     python: config: Domain/General/Interfaces/NetworkInterface[@address]:  {}
1779678106.051925 [0]     python: config: Domain/General/Interfaces/NetworkInterface[@priority]: default {0}
1779678106.051927 [0]     python: config: Domain/General/Interfaces/NetworkInterface[@prefer_multicast]: false {}
1779678106.051928 [0]     python: config: Domain/General/Interfaces/NetworkInterface[@presence_required]: true {}
1779678106.051930 [0]     python: config: Domain/General/Interfaces/NetworkInterface[@multicast]: default {0}
1779678106.051932 [0]     python: config: Domain/General/ExternalNetworkAddress/#text: auto {}
1779678106.051933 [0]     python: config: Domain/General/ExternalNetworkMask/#text: 0.0.0.0 {}
1779678106.051935 [0]     python: config: Domain/General/AllowMulticast/#text: default {}
1779678106.051936 [0]     python: config: Domain/General/MulticastTimeToLive/#text: 32 {}
1779678106.051938 [0]     python: config: Domain/General/DontRoute/#text: false {}
1779678106.051940 [0]     python: config: Domain/General/Transport/#text: udp {}
1779678106.051941 [0]     python: config: Domain/General/EnableMulticastLoopback/#text: true {}
1779678106.051943 [0]     python: config: Domain/General/MaxMessageSize/#text: 14720 B {}
1779678106.051945 [0]     python: config: Domain/General/MaxRexmitMessageSize/#text: 1456 B {}
1779678106.051946 [0]     python: config: Domain/General/FragmentSize/#text: 1344 B {}
1779678106.051948 [0]     python: config: Domain/General/RedundantNetworking/#text: false {}
1779678106.051949 [0]     python: config: Domain/General/EntityAutoNaming/#text: empty {}
1779678106.051951 [0]     python: config: Domain/General/EntityAutoNaming[@seed]: 3668623099 2455738487 2044374667 1308246829 473572465 931628016 4257324218 1564684035 {}
1779678106.051954 [0]     python: config: Domain/Sizing/ReceiveBufferSize/#text: 1 MiB {}
1779678106.051956 [0]     python: config: Domain/Sizing/ReceiveBufferChunkSize/#text: 128 KiB {}
1779678106.051958 [0]     python: config: Domain/Compatibility/StandardsConformance/#text: lax {}
1779678106.051960 [0]     python: config: Domain/Compatibility/ExplicitlyPublishQosSetToDefault/#text: false {}
1779678106.051961 [0]     python: config: Domain/Compatibility/ManySocketsMode/#text: single {}
1779678106.051963 [0]     python: config: Domain/Compatibility/AssumeRtiHasPmdEndpoints/#text: false {}
1779678106.051965 [0]     python: config: Domain/Discovery/Tag/#text:  {}
1779678106.051966 [0]     python: config: Domain/Discovery/ExternalDomainId/#text: 0 {}
1779678106.051968 [0]     python: config: Domain/Discovery/DSGracePeriod/#text: 30 s {}
1779678106.051970 [0]     python: config: Domain/Discovery/ParticipantIndex/#text: none {}
1779678106.051971 [0]     python: config: Domain/Discovery/MaxAutoParticipantIndex/#text: 9 {}
1779678106.051973 [0]     python: config: Domain/Discovery/SPDPMulticastAddress/#text: 239.255.0.1 {}
1779678106.051974 [0]     python: config: Domain/Discovery/SPDPInterval/#text: 30 s {}
1779678106.051976 [0]     python: config: Domain/Discovery/DefaultMulticastAddress/#text: auto {}
1779678106.051978 [0]     python: config: Domain/Discovery/Ports/Base/#text: 7400 {}
1779678106.051979 [0]     python: config: Domain/Discovery/Ports/DomainGain/#text: 250 {}
1779678106.051981 [0]     python: config: Domain/Discovery/Ports/ParticipantGain/#text: 2 {}
1779678106.051983 [0]     python: config: Domain/Discovery/Ports/MulticastMetaOffset/#text: 0 {}
1779678106.051984 [0]     python: config: Domain/Discovery/Ports/UnicastMetaOffset/#text: 10 {}
1779678106.051986 [0]     python: config: Domain/Discovery/Ports/MulticastDataOffset/#text: 1 {}
1779678106.051988 [0]     python: config: Domain/Discovery/Ports/UnicastDataOffset/#text: 11 {}
1779678106.051992 [0]     python: config: Domain/Discovery/EnableTopicDiscoveryEndpoints/#text: false {}
1779678106.051994 [0]     python: config: Domain/Discovery/LeaseDuration/#text: 10 s {}
1779678106.051998 [0]     python: config: Domain/Tracing/Category/#text: fatal,error,warning,info,config {0}
1779678106.052000 [0]     python: config: Domain/Tracing/OutputFile/#text: /tmp/cdds.LOG {0}
1779678106.052001 [0]     python: config: Domain/Tracing/AppendToFile/#text: false {}
1779678106.052003 [0]     python: config: Domain/Tracing/PacketCaptureFile/#text:  {}
1779678106.052004 [0]     python: config: Domain/Internal/DeliveryQueueMaxSamples/#text: 256 {}
1779678106.052006 [0]     python: config: Domain/Internal/PrimaryReorderMaxSamples/#text: 128 {}
1779678106.052007 [0]     python: config: Domain/Internal/SecondaryReorderMaxSamples/#text: 128 {}
1779678106.052009 [0]     python: config: Domain/Internal/DefragUnreliableMaxSamples/#text: 4 {}
1779678106.052011 [0]     python: config: Domain/Internal/DefragReliableMaxSamples/#text: 16 {}
1779678106.052012 [0]     python: config: Domain/Internal/BuiltinEndpointSet/#text: writers {}
1779678106.052014 [0]     python: config: Domain/Internal/MeasureHbToAckLatency/#text: false {}
1779678106.052015 [0]     python: config: Domain/Internal/UnicastResponseToSPDPMessages/#text: true {}
1779678106.052017 [0]     python: config: Domain/Internal/SynchronousDeliveryPriorityThreshold/#text: 0 {}
1779678106.052018 [0]     python: config: Domain/Internal/SynchronousDeliveryLatencyBound/#text: inf {}
1779678106.052020 [0]     python: config: Domain/Internal/MaxParticipants/#text: 0 {}
1779678106.052021 [0]     python: config: Domain/Internal/AccelerateRexmitBlockSize/#text: 0 {}
1779678106.052023 [0]     python: config: Domain/Internal/RetransmitMerging/#text: never {}
1779678106.052024 [0]     python: config: Domain/Internal/RetransmitMergingPeriod/#text: 5 ms {}
1779678106.052026 [0]     python: config: Domain/Internal/HeartbeatInterval/#text: 100 ms {}
1779678106.052028 [0]     python: config: Domain/Internal/HeartbeatInterval[@min]: 5 ms {}
1779678106.052029 [0]     python: config: Domain/Internal/HeartbeatInterval[@minsched]: 20 ms {}
1779678106.052031 [0]     python: config: Domain/Internal/HeartbeatInterval[@max]: 8 s {}
1779678106.052033 [0]     python: config: Domain/Internal/MaxQueuedRexmitBytes/#text: 512 KiB {}
1779678106.052034 [0]     python: config: Domain/Internal/MaxQueuedRexmitMessages/#text: 200 {}
1779678106.052036 [0]     python: config: Domain/Internal/WriterLingerDuration/#text: 1 s {}
1779678106.052037 [0]     python: config: Domain/Internal/SocketReceiveBufferSize[@min]: default {}
1779678106.052039 [0]     python: config: Domain/Internal/SocketReceiveBufferSize[@max]: default {}
1779678106.052041 [0]     python: config: Domain/Internal/SocketSendBufferSize[@min]: 64 KiB {}
1779678106.052043 [0]     python: config: Domain/Internal/SocketSendBufferSize[@max]: default {}
1779678106.052044 [0]     python: config: Domain/Internal/NackDelay/#text: 100 ms {}
1779678106.052046 [0]     python: config: Domain/Internal/AckDelay/#text: 10 ms {}
1779678106.052048 [0]     python: config: Domain/Internal/AutoReschedNackDelay/#text: 3 s {}
1779678106.052049 [0]     python: config: Domain/Internal/PreEmptiveAckDelay/#text: 10 ms {}
1779678106.052051 [0]     python: config: Domain/Internal/ScheduleTimeRounding/#text: 0 s {}
1779678106.052052 [0]     python: config: Domain/Internal/DDSI2DirectMaxThreads/#text: 1 {}
1779678106.052054 [0]     python: config: Domain/Internal/SquashParticipants/#text: false {}
1779678106.052055 [0]     python: config: Domain/Internal/SPDPResponseMaxDelay/#text: 0 s {}
1779678106.052057 [0]     python: config: Domain/Internal/LateAckMode/#text: false {}
1779678106.052058 [0]     python: config: Domain/Internal/RetryOnRejectBestEffort/#text: false {}
1779678106.052060 [0]     python: config: Domain/Internal/GenerateKeyhash/#text: false {}
1779678106.052061 [0]     python: config: Domain/Internal/MaxSampleSize/#text: 2147483647 B {}
1779678106.052063 [0]     python: config: Domain/Internal/WriteBatch/#text: false {}
1779678106.052066 [0]     python: config: Domain/Internal/LivelinessMonitoring/#text: false {}
1779678106.052068 [0]     python: config: Domain/Internal/LivelinessMonitoring[@StackTraces]: true {}
1779678106.052070 [0]     python: config: Domain/Internal/LivelinessMonitoring[@Interval]: 1 s {}
1779678106.052072 [0]     python: config: Domain/Internal/MonitorPort/#text: -1 {}
1779678106.052073 [0]     python: config: Domain/Internal/PrioritizeRetransmit/#text: true {}
1779678106.052075 [0]     python: config: Domain/Internal/UseMulticastIfMreqn/#text: 0 {}
1779678106.052076 [0]     python: config: Domain/Internal/RediscoveryBlacklistDuration/#text: 0 s {}
1779678106.052078 [0]     python: config: Domain/Internal/RediscoveryBlacklistDuration[@enforce]: false {}
1779678106.052080 [0]     python: config: Domain/Internal/MultipleReceiveThreads/#text: default {}
1779678106.052081 [0]     python: config: Domain/Internal/MultipleReceiveThreads[@maxretries]: 4294967295 {}
1779678106.052083 [0]     python: config: Domain/Internal/Test/XmitLossiness/#text: 0 {}
1779678106.052085 [0]     python: config: Domain/Internal/Watermarks/WhcLow/#text: 1 KiB {}
1779678106.052087 [0]     python: config: Domain/Internal/Watermarks/WhcHigh/#text: 500 KiB {}
1779678106.052088 [0]     python: config: Domain/Internal/Watermarks/WhcHighInit/#text: 30 KiB {}
1779678106.052090 [0]     python: config: Domain/Internal/Watermarks/WhcAdaptive/#text: true {}
1779678106.052092 [0]     python: config: Domain/Internal/BurstSize/MaxRexmit/#text: 1 MiB {}
1779678106.052094 [0]     python: config: Domain/Internal/BurstSize/MaxInitTransmit/#text: 4294967295 {}
1779678106.052095 [0]     python: config: Domain/Internal/EnableExpensiveChecks/#text:  [ignored] {}
1779678106.052097 [0]     python: config: Domain/TCP/NoDelay/#text: true {}
1779678106.052099 [0]     python: config: Domain/TCP/Port/#text: -1 {}
1779678106.052100 [0]     python: config: Domain/TCP/ReadTimeout/#text: 2 s {}
1779678106.052102 [0]     python: config: Domain/TCP/WriteTimeout/#text: 2 s {}
1779678106.052103 [0]     python: config: Domain/TCP/AlwaysUsePeeraddrForUnicast/#text: false {}
1779678106.052105 [0]     python: config: Domain[@Id]: 0 {0}
1779678106.052117 [0]     python: started at 1779678106.0652108 -- 2026-05-25 11:01:46+08:00
1779678106.052118 [0]     python: udp initialized
1779678106.052255 [0]     python: interfaces: lo udp/127.0.0.1(q1) eno1 udp/192.168.123.204(q9) docker0 udp/172.17.0.1(q9)
1779678106.052258 [0]     python: selected interfaces: eno1 (index 2 priority 0)
1779678106.052260 [0]     python: presumed robust multicast support, use for everything
1779678106.052264 [0]     python: ownip: udp/192.168.123.204
1779678106.052265 [0]     python: extmask: invalid/0 (not applicable)
1779678106.052267 [0]     python: SPDP MC: udp/239.255.0.1
1779678106.052268 [0]     python: default MC: udp/239.255.0.1
1779678106.052269 [0]     python: SSM support included
1779678106.052324 [0]     python: failed to increase socket receive buffer size to 1048576 bytes, continuing with 425984 bytes
1779678106.052330 [0]     python: rtps_init: uc ports: disc 0 data 0
1779678106.052331 [0]     python: rtps_init: domainid 0 participantid -2
1779678106.052332 [0]     python: Unicast Ports: discovery 37246 data 37246
1779678106.052336 [0]     python: failed to increase socket receive buffer size to 1048576 bytes, continuing with 425984 bytes
1779678106.052342 [0]     python: failed to increase socket receive buffer size to 1048576 bytes, continuing with 425984 bytes
1779678106.052345 [0]     python: Multicast Ports: discovery 7400 data 7401 
1779678106.052348 [0]     python: failed to increase socket receive buffer size to 1048576 bytes, continuing with 425984 bytes
1779678106.052353 [0]     python: interface eno1: transmit port 45122
