1779679516.813311 [0]     python: config: Domain/General/MulticastRecvNetworkInterfaceAddresses/#text: preferred {}
1779679516.813327 [0]     python: config: Domain/General/Interfaces/NetworkInterface[@autodetermine]: false {}
1779679516.813332 [0]     python: config: Domain/General/Interfaces/NetworkInterface[@name]: eno1 {0}
1779679516.813335 [0]     python: config: Domain/General/Interfaces/NetworkInterface[@address]:  {}
1779679516.813338 [0]     python: config: Domain/General/Interfaces/NetworkInterface[@priority]: default {0}
1779679516.813341 [0]     python: config: Domain/General/Interfaces/NetworkInterface[@prefer_multicast]: false {}
1779679516.813343 [0]     python: config: Domain/General/Interfaces/NetworkInterface[@presence_required]: true {}
1779679516.813346 [0]     python: config: Domain/General/Interfaces/NetworkInterface[@multicast]: default {0}
1779679516.813349 [0]     python: config: Domain/General/ExternalNetworkAddress/#text: auto {}
1779679516.813352 [0]     python: config: Domain/General/ExternalNetworkMask/#text: 0.0.0.0 {}
1779679516.813354 [0]     python: config: Domain/General/AllowMulticast/#text: default {}
1779679516.813357 [0]     python: config: Domain/General/MulticastTimeToLive/#text: 32 {}
1779679516.813360 [0]     python: config: Domain/General/DontRoute/#text: false {}
1779679516.813362 [0]     python: config: Domain/General/Transport/#text: udp {}
1779679516.813365 [0]     python: config: Domain/General/EnableMulticastLoopback/#text: true {}
1779679516.813368 [0]     python: config: Domain/General/MaxMessageSize/#text: 14720 B {}
1779679516.813370 [0]     python: config: Domain/General/MaxRexmitMessageSize/#text: 1456 B {}
1779679516.813373 [0]     python: config: Domain/General/FragmentSize/#text: 1344 B {}
1779679516.813376 [0]     python: config: Domain/General/RedundantNetworking/#text: false {}
1779679516.813378 [0]     python: config: Domain/General/EntityAutoNaming/#text: empty {}
1779679516.813381 [0]     python: config: Domain/General/EntityAutoNaming[@seed]: 2588759510 3528866672 2255005924 2517488315 4134207151 2463483470 1582236262 3253470311 {}
1779679516.813386 [0]     python: config: Domain/Sizing/ReceiveBufferSize/#text: 1 MiB {}
1779679516.813388 [0]     python: config: Domain/Sizing/ReceiveBufferChunkSize/#text: 128 KiB {}
1779679516.813391 [0]     python: config: Domain/Compatibility/StandardsConformance/#text: lax {}
1779679516.813394 [0]     python: config: Domain/Compatibility/ExplicitlyPublishQosSetToDefault/#text: false {}
1779679516.813396 [0]     python: config: Domain/Compatibility/ManySocketsMode/#text: single {}
1779679516.813399 [0]     python: config: Domain/Compatibility/AssumeRtiHasPmdEndpoints/#text: false {}
1779679516.813402 [0]     python: config: Domain/Discovery/Tag/#text:  {}
1779679516.813404 [0]     python: config: Domain/Discovery/ExternalDomainId/#text: 0 {}
1779679516.813407 [0]     python: config: Domain/Discovery/DSGracePeriod/#text: 30 s {}
1779679516.813410 [0]     python: config: Domain/Discovery/ParticipantIndex/#text: none {}
1779679516.813412 [0]     python: config: Domain/Discovery/MaxAutoParticipantIndex/#text: 9 {}
1779679516.813415 [0]     python: config: Domain/Discovery/SPDPMulticastAddress/#text: 239.255.0.1 {}
1779679516.813417 [0]     python: config: Domain/Discovery/SPDPInterval/#text: 30 s {}
1779679516.813420 [0]     python: config: Domain/Discovery/DefaultMulticastAddress/#text: auto {}
1779679516.813423 [0]     python: config: Domain/Discovery/Ports/Base/#text: 7400 {}
1779679516.813426 [0]     python: config: Domain/Discovery/Ports/DomainGain/#text: 250 {}
1779679516.813428 [0]     python: config: Domain/Discovery/Ports/ParticipantGain/#text: 2 {}
1779679516.813431 [0]     python: config: Domain/Discovery/Ports/MulticastMetaOffset/#text: 0 {}
1779679516.813434 [0]     python: config: Domain/Discovery/Ports/UnicastMetaOffset/#text: 10 {}
1779679516.813436 [0]     python: config: Domain/Discovery/Ports/MulticastDataOffset/#text: 1 {}
1779679516.813439 [0]     python: config: Domain/Discovery/Ports/UnicastDataOffset/#text: 11 {}
1779679516.813447 [0]     python: config: Domain/Discovery/EnableTopicDiscoveryEndpoints/#text: false {}
1779679516.813450 [0]     python: config: Domain/Discovery/LeaseDuration/#text: 10 s {}
1779679516.813456 [0]     python: config: Domain/Tracing/Category/#text: fatal,error,warning,info,config {0}
1779679516.813459 [0]     python: config: Domain/Tracing/OutputFile/#text: /tmp/cdds.LOG {0}
1779679516.813462 [0]     python: config: Domain/Tracing/AppendToFile/#text: false {}
1779679516.813465 [0]     python: config: Domain/Tracing/PacketCaptureFile/#text:  {}
1779679516.813467 [0]     python: config: Domain/Internal/DeliveryQueueMaxSamples/#text: 256 {}
1779679516.813470 [0]     python: config: Domain/Internal/PrimaryReorderMaxSamples/#text: 128 {}
1779679516.813472 [0]     python: config: Domain/Internal/SecondaryReorderMaxSamples/#text: 128 {}
1779679516.813475 [0]     python: config: Domain/Internal/DefragUnreliableMaxSamples/#text: 4 {}
1779679516.813477 [0]     python: config: Domain/Internal/DefragReliableMaxSamples/#text: 16 {}
1779679516.813480 [0]     python: config: Domain/Internal/BuiltinEndpointSet/#text: writers {}
1779679516.813482 [0]     python: config: Domain/Internal/MeasureHbToAckLatency/#text: false {}
1779679516.813485 [0]     python: config: Domain/Internal/UnicastResponseToSPDPMessages/#text: true {}
1779679516.813487 [0]     python: config: Domain/Internal/SynchronousDeliveryPriorityThreshold/#text: 0 {}
1779679516.813490 [0]     python: config: Domain/Internal/SynchronousDeliveryLatencyBound/#text: inf {}
1779679516.813493 [0]     python: config: Domain/Internal/MaxParticipants/#text: 0 {}
1779679516.813495 [0]     python: config: Domain/Internal/AccelerateRexmitBlockSize/#text: 0 {}
1779679516.813498 [0]     python: config: Domain/Internal/RetransmitMerging/#text: never {}
1779679516.813500 [0]     python: config: Domain/Internal/RetransmitMergingPeriod/#text: 5 ms {}
1779679516.813503 [0]     python: config: Domain/Internal/HeartbeatInterval/#text: 100 ms {}
1779679516.813506 [0]     python: config: Domain/Internal/HeartbeatInterval[@min]: 5 ms {}
1779679516.813508 [0]     python: config: Domain/Internal/HeartbeatInterval[@minsched]: 20 ms {}
1779679516.813511 [0]     python: config: Domain/Internal/HeartbeatInterval[@max]: 8 s {}
1779679516.813513 [0]     python: config: Domain/Internal/MaxQueuedRexmitBytes/#text: 512 KiB {}
1779679516.813516 [0]     python: config: Domain/Internal/MaxQueuedRexmitMessages/#text: 200 {}
1779679516.813519 [0]     python: config: Domain/Internal/WriterLingerDuration/#text: 1 s {}
1779679516.813521 [0]     python: config: Domain/Internal/SocketReceiveBufferSize[@min]: default {}
1779679516.813524 [0]     python: config: Domain/Internal/SocketReceiveBufferSize[@max]: default {}
1779679516.813527 [0]     python: config: Domain/Internal/SocketSendBufferSize[@min]: 64 KiB {}
1779679516.813529 [0]     python: config: Domain/Internal/SocketSendBufferSize[@max]: default {}
1779679516.813532 [0]     python: config: Domain/Internal/NackDelay/#text: 100 ms {}
1779679516.813534 [0]     python: config: Domain/Internal/AckDelay/#text: 10 ms {}
1779679516.813537 [0]     python: config: Domain/Internal/AutoReschedNackDelay/#text: 3 s {}
1779679516.813539 [0]     python: config: Domain/Internal/PreEmptiveAckDelay/#text: 10 ms {}
1779679516.813542 [0]     python: config: Domain/Internal/ScheduleTimeRounding/#text: 0 s {}
1779679516.813544 [0]     python: config: Domain/Internal/DDSI2DirectMaxThreads/#text: 1 {}
1779679516.813547 [0]     python: config: Domain/Internal/SquashParticipants/#text: false {}
1779679516.813549 [0]     python: config: Domain/Internal/SPDPResponseMaxDelay/#text: 0 s {}
1779679516.813552 [0]     python: config: Domain/Internal/LateAckMode/#text: false {}
1779679516.813554 [0]     python: config: Domain/Internal/RetryOnRejectBestEffort/#text: false {}
1779679516.813557 [0]     python: config: Domain/Internal/GenerateKeyhash/#text: false {}
1779679516.813560 [0]     python: config: Domain/Internal/MaxSampleSize/#text: 2147483647 B {}
1779679516.813562 [0]     python: config: Domain/Internal/WriteBatch/#text: false {}
1779679516.813568 [0]     python: config: Domain/Internal/LivelinessMonitoring/#text: false {}
1779679516.813571 [0]     python: config: Domain/Internal/LivelinessMonitoring[@StackTraces]: true {}
1779679516.813574 [0]     python: config: Domain/Internal/LivelinessMonitoring[@Interval]: 1 s {}
1779679516.813577 [0]     python: config: Domain/Internal/MonitorPort/#text: -1 {}
1779679516.813579 [0]     python: config: Domain/Internal/PrioritizeRetransmit/#text: true {}
1779679516.813582 [0]     python: config: Domain/Internal/UseMulticastIfMreqn/#text: 0 {}
1779679516.813585 [0]     python: config: Domain/Internal/RediscoveryBlacklistDuration/#text: 0 s {}
1779679516.813587 [0]     python: config: Domain/Internal/RediscoveryBlacklistDuration[@enforce]: false {}
1779679516.813590 [0]     python: config: Domain/Internal/MultipleReceiveThreads/#text: default {}
1779679516.813593 [0]     python: config: Domain/Internal/MultipleReceiveThreads[@maxretries]: 4294967295 {}
1779679516.813596 [0]     python: config: Domain/Internal/Test/XmitLossiness/#text: 0 {}
1779679516.813599 [0]     python: config: Domain/Internal/Watermarks/WhcLow/#text: 1 KiB {}
1779679516.813602 [0]     python: config: Domain/Internal/Watermarks/WhcHigh/#text: 500 KiB {}
1779679516.813604 [0]     python: config: Domain/Internal/Watermarks/WhcHighInit/#text: 30 KiB {}
1779679516.813607 [0]     python: config: Domain/Internal/Watermarks/WhcAdaptive/#text: true {}
1779679516.813610 [0]     python: config: Domain/Internal/BurstSize/MaxRexmit/#text: 1 MiB {}
1779679516.813612 [0]     python: config: Domain/Internal/BurstSize/MaxInitTransmit/#text: 4294967295 {}
1779679516.813615 [0]     python: config: Domain/Internal/EnableExpensiveChecks/#text:  [ignored] {}
1779679516.813618 [0]     python: config: Domain/TCP/NoDelay/#text: true {}
1779679516.813621 [0]     python: config: Domain/TCP/Port/#text: -1 {}
1779679516.813624 [0]     python: config: Domain/TCP/ReadTimeout/#text: 2 s {}
1779679516.813626 [0]     python: config: Domain/TCP/WriteTimeout/#text: 2 s {}
1779679516.813629 [0]     python: config: Domain/TCP/AlwaysUsePeeraddrForUnicast/#text: false {}
1779679516.813631 [0]     python: config: Domain[@Id]: 0 {0}
1779679516.813651 [0]     python: started at 1779679516.06813636 -- 2026-05-25 11:25:16+08:00
1779679516.813654 [0]     python: udp initialized
1779679516.816281 [0]     python: interfaces: lo udp/127.0.0.1(q1) eno1 udp/192.168.123.204(q9) wlo1 wireless udp/192.168.100.13(q9) docker0 udp/172.17.0.1(q9)
1779679516.816303 [0]     python: selected interfaces: eno1 (index 2 priority 0)
1779679516.816306 [0]     python: presumed robust multicast support, use for everything
1779679516.816321 [0]     python: ownip: udp/192.168.123.204
1779679516.816324 [0]     python: extmask: invalid/0 (not applicable)
1779679516.816326 [0]     python: SPDP MC: udp/239.255.0.1
1779679516.816328 [0]     python: default MC: udp/239.255.0.1
1779679516.816330 [0]     python: SSM support included
1779679516.816419 [0]     python: failed to increase socket receive buffer size to 1048576 bytes, continuing with 425984 bytes
1779679516.816430 [0]     python: rtps_init: uc ports: disc 0 data 0
1779679516.816432 [0]     python: rtps_init: domainid 0 participantid -2
1779679516.816435 [0]     python: Unicast Ports: discovery 57633 data 57633
1779679516.816444 [0]     python: failed to increase socket receive buffer size to 1048576 bytes, continuing with 425984 bytes
1779679516.816456 [0]     python: failed to increase socket receive buffer size to 1048576 bytes, continuing with 425984 bytes
1779679516.816461 [0]     python: Multicast Ports: discovery 7400 data 7401 
1779679516.816468 [0]     python: failed to increase socket receive buffer size to 1048576 bytes, continuing with 425984 bytes
1779679516.816477 [0]     python: interface eno1: transmit port 43330
