[2026-05-25T11:25:16] Output dir: /home/dx/unitree_ws/src/xr_teleoperate/utils/data/dds_debug/20260525_112516_eno1
[2026-05-25T11:25:16] Initializing DDS: domain=0, iface=eno1
[2026-05-25T11:25:16] DDS init OK
[2026-05-25T11:25:16] subscriber ready: lowstate -> rt/lowstate
[2026-05-25T11:25:16] subscriber ready: lf_lowstate -> rt/lf/lowstate
[2026-05-25T11:25:16] subscriber ready: dex1_left_state -> rt/dex1/left/state
[2026-05-25T11:25:16] subscriber ready: dex1_right_state -> rt/dex1/right/state
[2026-05-25T11:25:16] FIRST sample on dex1_left_state at 0.052s: {'state_count': 1, 'first_q': 2.7016239166259766, 'sample_q_head': [2.7016239166259766]}
[2026-05-25T11:25:16] FIRST sample on dex1_right_state at 0.052s: {'state_count': 1, 'first_q': 2.694667339324951, 'sample_q_head': [2.694667339324951]}
[2026-05-25T11:25:17] heartbeat: lowstate=0, lf_lowstate=0, dex1_left_state=32, dex1_right_state=32
[2026-05-25T11:25:18] heartbeat: lowstate=0, lf_lowstate=0, dex1_left_state=63, dex1_right_state=63
[2026-05-25T11:25:19] heartbeat: lowstate=0, lf_lowstate=0, dex1_left_state=94, dex1_right_state=94
[2026-05-25T11:25:20] heartbeat: lowstate=0, lf_lowstate=0, dex1_left_state=126, dex1_right_state=126
[2026-05-25T11:25:21] heartbeat: lowstate=0, lf_lowstate=0, dex1_left_state=157, dex1_right_state=157
[2026-05-25T11:25:22] heartbeat: lowstate=0, lf_lowstate=0, dex1_left_state=188, dex1_right_state=188
[2026-05-25T11:25:23] heartbeat: lowstate=0, lf_lowstate=0, dex1_left_state=219, dex1_right_state=219
[2026-05-25T11:25:24] heartbeat: lowstate=0, lf_lowstate=0, dex1_left_state=250, dex1_right_state=250
[2026-05-25T11:25:25] heartbeat: lowstate=0, lf_lowstate=0, dex1_left_state=280, dex1_right_state=280
[2026-05-25T11:25:26] copied CycloneDDS log to /home/dx/unitree_ws/src/xr_teleoperate/utils/data/dds_debug/20260525_112516_eno1/cdds.LOG
[2026-05-25T11:25:26] summary written to /home/dx/unitree_ws/src/xr_teleoperate/utils/data/dds_debug/20260525_112516_eno1/summary.json
